Pixel (0,0): {'r': 0.03745401278138161, 'g': 0.09507142752408981, 'b': 0.07319939136505127}
Pixel (0,1): {'r': 0.0859210267663002, 'g': 0.018485447391867638, 'b': 0.0969584658741951}
Pixel (0,2): {'r': 0.11477328836917877, 'g': 0.04275410249829292, 'b': 0.002541912719607353}
Pixel (0,3): {'r': 0.122234046459198, 'g': 0.0036886949092149734, 'b': 0.060956429690122604}
Pixel (0,4): {'r': 0.21504181623458862, 'g': 0.06331014633178711, 'b': 0.033902980387210846}
Pixel (0,5): {'r': 0.25029587745666504, 'g': 0.0953928604722023, 'b': 0.09148643910884857}
Pixel (0,6): {'r': 0.21615412831306458, 'g': 0.059083323925733566, 'b': 0.003050025086849928}
Pixel (0,7): {'r': 0.30429607629776, 'g': 0.0703657865524292, 'b': 0.04741738364100456}
Pixel (0,8): {'r': 0.3235071003437042, 'g': 0.08034809678792953, 'b': 0.028203457593917847}
Pixel (0,9): {'r': 0.3430718183517456, 'g': 0.010112267918884754, 'b': 0.00841068010777235}
Pixel (0,10): {'r': 0.3754398822784424, 'g': 0.06957487016916275, 'b': 0.045454107224941254}
Pixel (0,11): {'r': 0.3493875563144684, 'g': 0.08647223562002182, 'b': 0.081290103495121}
Pixel (0,12): {'r': 0.3897073566913605, 'g': 0.09265876561403275, 'b': 0.04921163246035576}
Pixel (0,13): {'r': 0.4680754840373993, 'g': 0.03689136728644371, 'b': 0.046253472566604614}
Pixel (0,14): {'r': 0.44552338123321533, 'g': 0.05245114117860794, 'b': 0.04103968292474747}
Pixel (0,15): {'r': 0.5625840425491333, 'g': 0.018123306334018707, 'b': 0.006649626884609461}
Pixel (1,0): {'r': 0.09111584722995758, 'g': 0.015601865015923977, 'b': 0.015599451959133148}
Pixel (1,1): {'r': 0.14001327753067017, 'g': 0.09394989907741547, 'b': 0.08948273956775665}
Pixel (1,2): {'r': 0.10453914105892181, 'g': 0.0031429186929017305, 'b': 0.06364104151725769}
Pixel (1,3): {'r': 0.17526790499687195, 'g': 0.005147875286638737, 'b': 0.027864648029208183}
Pixel (1,4): {'r': 0.19117096066474915, 'g': 0.07259556651115417, 'b': 0.089711032807827}
Pixel (1,5): {'r': 0.2245158702135086, 'g': 0.0015456617111340165, 'b': 0.09283185750246048}
Pixel (1,6): {'r': 0.22248481214046478, 'g': 0.08226005733013153, 'b': 0.036019064486026764}
Pixel (1,7): {'r': 0.25978341698646545, 'g': 0.04916158691048622, 'b': 0.04734717682003975}
Pixel (1,8): {'r': 0.29899394512176514, 'g': 0.07506147772073746, 'b': 0.08068347722291946}
Pixel (1,9): {'r': 0.3825969099998474, 'g': 0.007276300340890884, 'b': 0.0821860060095787}
Pixel (1,10): {'r': 0.406505823135376, 'g': 0.05843142792582512, 'b': 0.09011580795049667}
Pixel (1,11): {'r': 0.4749717712402344, 'g': 0.09966368228197098, 'b': 0.05554317310452461}
Pixel (1,12): {'r': 0.4320744276046753, 'g': 0.04591357707977295, 'b': 0.09800326079130173}
Pixel (1,13): {'r': 0.5122470855712891, 'g': 0.003668320132419467, 'b': 0.025243693962693214}
Pixel (1,14): {'r': 0.5669878721237183, 'g': 0.011203890666365623, 'b': 0.039785560220479965}
Pixel (1,15): {'r': 0.574112057685852, 'g': 0.05744731426239014, 'b': 0.08418288081884384}
Pixel (2,0): {'r': 0.06830836087465286, 'g': 0.086617611348629, 'b': 0.060111500322818756}
Pixel (2,1): {'r': 0.1535400003194809, 'g': 0.09218742698431015, 'b': 0.008849251084029675}
Pixel (2,2): {'r': 0.15643559396266937, 'g': 0.0508570671081543, 'b': 0.09075664728879929}
Pixel (2,3): {'r': 0.2470766007900238, 'g': 0.023956188932061195, 'b': 0.014489486813545227}
Pixel (2,4): {'r': 0.27620863914489746, 'g': 0.07798755168914795, 'b': 0.0642031654715538}
Pixel (2,5): {'r': 0.26156842708587646, 'g': 0.09666548669338226, 'b': 0.09636199474334717}
Pixel (2,6): {'r': 0.26270604133605957, 'g': 0.05222432687878609, 'b': 0.07699935883283615}
Pixel (2,7): {'r': 0.2985701858997345, 'g': 0.04338516667485237, 'b': 0.039850473403930664}
Pixel (2,8): {'r': 0.41155052185058594, 'g': 0.04126176983118057, 'b': 0.037201810628175735}
Pixel (2,9): {'r': 0.4143742322921753, 'g': 0.008134878240525723, 'b': 0.008483771234750748}
Pixel (2,10): {'r': 0.3795446455478668, 'g': 0.028096318244934082, 'b': 0.09504114836454391}
Pixel (2,11): {'r': 0.4831487536430359, 'g': 0.09447657316923141, 'b': 0.08496474474668503}
Pixel (2,12): {'r': 0.48676180839538574, 'g': 0.03287516161799431, 'b': 0.06334009021520615}
Pixel (2,13): {'r': 0.540084958076477, 'g': 0.08952068537473679, 'b': 0.051167745143175125}
Pixel (2,14): {'r': 0.5969470739364624, 'g': 0.08655071258544922, 'b': 0.08170720934867859}
Pixel (2,15): {'r': 0.5452272295951843, 'g': 0.07952672988176346, 'b': 0.020162731409072876}
Pixel (3,0): {'r': 0.16455726325511932, 'g': 0.0020584494341164827, 'b': 0.09699098765850067}
Pixel (3,1): {'r': 0.14459829032421112, 'g': 0.0045227291993796825, 'b': 0.032533030956983566}
Pixel (3,2): {'r': 0.1811792254447937, 'g': 0.04103829339146614, 'b': 0.07555511593818665}
Pixel (3,3): {'r': 0.23644527792930603, 'g': 0.09856504946947098, 'b': 0.02420552633702755}
Pixel (3,4): {'r': 0.22716400027275085, 'g': 0.016162870451807976, 'b': 0.08985542505979538}
Pixel (3,5): {'r': 0.3353009521961212, 'g': 0.02944488823413849, 'b': 0.03850977495312691}
Pixel (3,6): {'r': 0.30283209681510925, 'g': 0.062289047986269, 'b': 0.008534747175872326}
Pixel (3,7): {'r': 0.374085009098053, 'g': 0.06350936740636826, 'b': 0.004530401434749365}
Pixel (3,8): {'r': 0.4213913083076477, 'g': 0.03408035263419151, 'b': 0.09307573735713959}
Pixel (3,9): {'r': 0.47366395592689514, 'g': 0.03742707893252373, 'b': 0.037064217031002045}
Pixel (3,10): {'r': 0.49527639150619507, 'g': 0.04556567594408989, 'b': 0.06201326474547386}
Pixel (3,11): {'r': 0.4622347950935364, 'g': 0.045054417103528976, 'b': 0.012915941886603832}
Pixel (3,12): {'r': 0.49276456236839294, 'g': 0.007586333435028791, 'b': 0.01288797240704298}
Pixel (3,13): {'r': 0.5532113313674927, 'g': 0.010717201046645641, 'b': 0.04474123939871788}
Pixel (3,14): {'r': 0.557040274143219, 'g': 0.017088759690523148, 'b': 0.06686432659626007}
Pixel (3,15): {'r': 0.5788655877113342, 'g': 0.016426580026745796, 'b': 0.0814574733376503}
Pixel (4,0): {'r': 0.20824426412582397, 'g': 0.02123391255736351, 'b': 0.01818249747157097}
Pixel (4,1): {'r': 0.19511772692203522, 'g': 0.027134904637932777, 'b': 0.08287375420331955}
Pixel (4,2): {'r': 0.21037980914115906, 'g': 0.00769799156114459, 'b': 0.028975144028663635}
Pixel (4,3): {'r': 0.2859635651111603, 'g': 0.07616196572780609, 'b': 0.023763755336403847}
Pixel (4,4): {'r': 0.31064289808273315, 'g': 0.0009197051986120641, 'b': 0.010147154331207275}
Pixel (4,5): {'r': 0.36636367440223694, 'g': 0.031692203134298325, 'b': 0.016949275508522987}
Pixel (4,6): {'r': 0.3176681697368622, 'g': 0.0531354621052742, 'b': 0.05406351014971733}
Pixel (4,7): {'r': 0.3812112510204315, 'g': 0.0625859946012497, 'b': 0.05031362920999527}
Pixel (4,8): {'r': 0.46084126830101013, 'g': 0.04289940372109413, 'b': 0.07508710771799088}
Pixel (4,9): {'r': 0.4875299632549286, 'g': 0.0947248563170433, 'b': 0.0986001119017601}
Pixel (4,10): {'r': 0.46523812413215637, 'g': 0.018812116235494614, 'b': 0.04636984318494797}
Pixel (4,11): {'r': 0.564155101776123, 'g': 0.060617465525865555, 'b': 0.02286428026854992}
Pixel (4,12): {'r': 0.5128045678138733, 'g': 0.015190268866717815, 'b': 0.013882718048989773}
Pixel (4,13): {'r': 0.5845117568969727, 'g': 0.024247050285339355, 'b': 0.02692432515323162}
Pixel (4,14): {'r': 0.6554375886917114, 'g': 0.05567628890275955, 'b': 0.05716127157211304}
Pixel (4,15): {'r': 0.6602697372436523, 'g': 0.05230654403567314, 'b': 0.03588305041193962}
Pixel (5,0): {'r': 0.17459045350551605, 'g': 0.030424226075410843, 'b': 0.052475642412900925}
Pixel (5,1): {'r': 0.22317533195018768, 'g': 0.028093451634049416, 'b': 0.05426960811018944}
Pixel (5,2): {'r': 0.23487213253974915, 'g': 0.09296976774930954, 'b': 0.08081203699111938}
Pixel (5,3): {'r': 0.32282164692878723, 'g': 0.03677831217646599, 'b': 0.06323058158159256}
Pixel (5,4): {'r': 0.34760016202926636, 'g': 0.0005061583942733705, 'b': 0.016080806031823158}
Pixel (5,5): {'r': 0.36818012595176697, 'g': 0.09361547976732254, 'b': 0.06960298120975494}
Pixel (5,6): {'r': 0.407492995262146, 'g': 0.07260913401842117, 'b': 0.09758520871400833}
Pixel (5,7): {'r': 0.4606489837169647, 'g': 0.06586936116218567, 'b': 0.016293441876769066}
Pixel (5,8): {'r': 0.4817042946815491, 'g': 0.01031238678842783, 'b': 0.09025529026985168}
Pixel (5,9): {'r': 0.512837827205658, 'g': 0.037625961005687714, 'b': 0.008350071497261524}
Pixel (5,10): {'r': 0.5040852427482605, 'g': 0.05836561322212219, 'b': 0.007773463614284992}
Pixel (5,11): {'r': 0.5671700835227966, 'g': 0.06181282550096512, 'b': 0.03581627458333969}
Pixel (5,12): {'r': 0.595337450504303, 'g': 0.018188009038567543, 'b': 0.0345667265355587}
Pixel (5,13): {'r': 0.6002284288406372, 'g': 0.0020071198232471943, 'b': 0.0322079174220562}
Pixel (5,14): {'r': 0.6217479109764099, 'g': 0.07694929093122482, 'b': 0.018704375252127647}
Pixel (5,15): {'r': 0.7127200365066528, 'g': 0.03924451395869255, 'b': 0.0816599428653717}
Pixel (6,0): {'r': 0.2306945025920868, 'g': 0.029122913256287575, 'b': 0.061185289174318314}
Pixel (6,1): {'r': 0.23284241557121277, 'g': 0.08021970093250275, 'b': 0.007455064449459314}
Pixel (6,2): {'r': 0.31334036588668823, 'g': 0.08714606612920761, 'b': 0.08036720752716064}
Pixel (6,3): {'r': 0.3446029722690582, 'g': 0.053577471524477005, 'b': 0.00902897771447897}
Pixel (6,4): {'r': 0.36737337708473206, 'g': 0.06918951869010925, 'b': 0.06519612669944763}
Pixel (6,5): {'r': 0.4007561206817627, 'g': 0.009717649780213833, 'b': 0.06150072440505028}
Pixel (6,6): {'r': 0.42663002014160156, 'g': 0.032295648008584976, 'b': 0.079518623650074}
Pixel (6,7): {'r': 0.41330686211586, 'g': 0.0642419308423996, 'b': 0.0026511310134083033}
Pixel (6,8): {'r': 0.4880252480506897, 'g': 0.08264574408531189, 'b': 0.03200496360659599}
Pixel (6,9): {'r': 0.5464646816253662, 'g': 0.05584042891860008, 'b': 0.04242220148444176}
Pixel (6,10): {'r': 0.5974394679069519, 'g': 0.09862107783555984, 'b': 0.06981617212295532}
Pixel (6,11): {'r': 0.5426057577133179, 'g': 0.0671573206782341, 'b': 0.0520307719707489}
Pixel (6,12): {'r': 0.6521788239479065, 'g': 0.04739616438746452, 'b': 0.06675577163696289}
Pixel (6,13): {'r': 0.6148948073387146, 'g': 0.03274973854422569, 'b': 0.011976213194429874}
Pixel (6,14): {'r': 0.6573679447174072, 'g': 0.042543645948171616, 'b': 0.050761040300130844}
Pixel (6,15): {'r': 0.7001634836196899, 'g': 0.03769444301724434, 'b': 0.046267978847026825}
Pixel (7,0): {'r': 0.23269939422607422, 'g': 0.029214465990662575, 'b': 0.03663618490099907}
Pixel (7,1): {'r': 0.34868869185447693, 'g': 0.0772244781255722, 'b': 0.01987156830728054}
Pixel (7,2): {'r': 0.29990699887275696, 'g': 0.08925589919090271, 'b': 0.05393422394990921}
Pixel (7,3): {'r': 0.3960302472114563, 'g': 0.032078009098768234, 'b': 0.018651850521564484}
Pixel (7,4): {'r': 0.36617693305015564, 'g': 0.07121792435646057, 'b': 0.023724909871816635}
Pixel (7,5): {'r': 0.47400540113449097, 'g': 0.01400840189307928, 'b': 0.05183297023177147}
Pixel (7,6): {'r': 0.43333321809768677, 'g': 0.04389714449644089, 'b': 0.007845638319849968}
Pixel (7,7): {'r': 0.4960775673389435, 'g': 0.09402302652597427, 'b': 0.057547420263290405}
Pixel (7,8): {'r': 0.5583023428916931, 'g': 0.038920167833566666, 'b': 0.0010837651789188385}
Pixel (7,9): {'r': 0.5906354188919067, 'g': 0.011119748465716839, 'b': 0.04926251247525215}
Pixel (7,10): {'r': 0.5848596096038818, 'g': 0.030952760949730873, 'b': 0.08137950301170349}
Pixel (7,11): {'r': 0.6397318243980408, 'g': 0.05201634764671326, 'b': 0.0852181538939476}
Pixel (7,12): {'r': 0.6109820008277893, 'g': 0.019228903576731682, 'b': 0.004086861852556467}
Pixel (7,13): {'r': 0.7140527367591858, 'g': 0.05935924872756004, 'b': 0.06791023164987564}
Pixel (7,14): {'r': 0.6804909706115723, 'g': 0.011483683250844479, 'b': 0.061062004417181015}
Pixel (7,15): {'r': 0.7176377773284912, 'g': 0.07476093620061874, 'b': 0.05027204379439354}
Pixel (8,0): {'r': 0.2956070005893707, 'g': 0.0785176008939743, 'b': 0.019967379048466682}
Pixel (8,1): {'r': 0.2818022072315216, 'g': 0.08154615014791489, 'b': 0.0706857368350029}
Pixel (8,2): {'r': 0.39324402809143066, 'g': 0.08960913121700287, 'b': 0.031800348311662674}
Pixel (8,3): {'r': 0.3478275239467621, 'g': 0.0590892992913723, 'b': 0.06775643676519394}
Pixel (8,4): {'r': 0.407539963722229, 'g': 0.0746491476893425, 'b': 0.06496328860521317}
Pixel (8,5): {'r': 0.4939873218536377, 'g': 0.07407686114311218, 'b': 0.06970157474279404}
Pixel (8,6): {'r': 0.4400350749492645, 'g': 0.09626483917236328, 'b': 0.08359801024198532}
Pixel (8,7): {'r': 0.5075669884681702, 'g': 0.06432881951332092, 'b': 0.0458252876996994}
Pixel (8,8): {'r': 0.5905382037162781, 'g': 0.009128667414188385, 'b': 0.03193136677145958}
Pixel (8,9): {'r': 0.5323853492736816, 'g': 0.04686606675386429, 'b': 0.0056303273886442184}
Pixel (8,10): {'r': 0.6309731006622314, 'g': 0.016261694952845573, 'b': 0.09109272062778473}
Pixel (8,11): {'r': 0.6489406824111938, 'g': 0.05609380081295967, 'b': 0.0876653641462326}
Pixel (8,12): {'r': 0.6418935060501099, 'g': 0.02785903587937355, 'b': 0.017701050266623497}
Pixel (8,13): {'r': 0.7351671457290649, 'g': 0.04984422028064728, 'b': 0.008692028932273388}
Pixel (8,14): {'r': 0.7163630723953247, 'g': 0.05812382325530052, 'b': 0.015436271205544472}
Pixel (8,15): {'r': 0.7419712543487549, 'g': 0.08995746076107025, 'b': 0.03838912397623062}
Pixel (9,0): {'r': 0.33267343044281006, 'g': 0.05924145504832268, 'b': 0.0046450416557490826}
Pixel (9,1): {'r': 0.3854007124900818, 'g': 0.07712703198194504, 'b': 0.007404465228319168}
Pixel (9,2): {'r': 0.3547551929950714, 'g': 0.022793516516685486, 'b': 0.04271077737212181}
Pixel (9,3): {'r': 0.3766587972640991, 'g': 0.051209308207035065, 'b': 0.022649576887488365}
Pixel (9,4): {'r': 0.49117234349250793, 'g': 0.06576129049062729, 'b': 0.056830860674381256}
Pixel (9,5): {'r': 0.5077484250068665, 'g': 0.035949114710092545, 'b': 0.029359186068177223}
Pixel (9,6): {'r': 0.5383474230766296, 'g': 0.04089529439806938, 'b': 0.01732943207025528}
Pixel (9,7): {'r': 0.5545616745948792, 'g': 0.0941464826464653, 'b': 0.03861026465892792}
Pixel (9,8): {'r': 0.6262562274932861, 'g': 0.09506071358919144, 'b': 0.05734378844499588}
Pixel (9,9): {'r': 0.5743817687034607, 'g': 0.011752624996006489, 'b': 0.06492102891206741}
Pixel (9,10): {'r': 0.6760036945343018, 'g': 0.09497999399900436, 'b': 0.07257195562124252}
Pixel (9,11): {'r': 0.6653482913970947, 'g': 0.013401523232460022, 'b': 0.0028782677836716175}
Pixel (9,12): {'r': 0.6651202440261841, 'g': 0.01206358801573515, 'b': 0.046077877283096313}
Pixel (9,13): {'r': 0.7412106394767761, 'g': 0.05868411064147949, 'b': 0.07454394549131393}
Pixel (9,14): {'r': 0.766864001750946, 'g': 0.05325894430279732, 'b': 0.005182353779673576}
Pixel (9,15): {'r': 0.804355263710022, 'g': 0.09064721316099167, 'b': 0.06242380291223526}
Pixel (10,0): {'r': 0.3732544779777527, 'g': 0.017052412033081055, 'b': 0.006505159195512533}
Pixel (10,1): {'r': 0.3795965611934662, 'g': 0.011586906388401985, 'b': 0.08631034940481186}
Pixel (10,2): {'r': 0.45680147409439087, 'g': 0.08607306331396103, 'b': 0.0006952130934223533}
Pixel (10,3): {'r': 0.4707672894001007, 'g': 0.017436644062399864, 'b': 0.06909377872943878}
Pixel (10,4): {'r': 0.4468674659729004, 'g': 0.03677158057689667, 'b': 0.02652023732662201}
Pixel (10,5): {'r': 0.5496861338615417, 'g': 0.0810113400220871, 'b': 0.0867072343826294}
Pixel (10,6): {'r': 0.5156437158584595, 'g': 0.025024289265275, 'b': 0.054922666400671005}
Pixel (10,7): {'r': 0.6273690462112427, 'g': 0.09053506702184677, 'b': 0.019579114392399788}
Pixel (10,8): {'r': 0.6256837248802185, 'g': 0.044844552874565125, 'b': 0.029321078211069107}
Pixel (10,9): {'r': 0.6683545112609863, 'g': 0.058336880058050156, 'b': 0.09621725976467133}
Pixel (10,10): {'r': 0.6863415241241455, 'g': 0.041824307292699814, 'b': 0.0932728499174118}
Pixel (10,11): {'r': 0.7317637205123901, 'g': 0.06203095242381096, 'b': 0.07040797919034958}
Pixel (10,12): {'r': 0.7081333994865417, 'g': 0.03642698749899864, 'b': 0.05034172534942627}
Pixel (10,13): {'r': 0.7619159817695618, 'g': 0.01275803055614233, 'b': 0.028377590700984}
Pixel (10,14): {'r': 0.7836604118347168, 'g': 0.01344146765768528, 'b': 0.006337497383356094}
Pixel (10,15): {'r': 0.7929397821426392, 'g': 0.09398321807384491, 'b': 0.06277080625295639}
Pixel (11,0): {'r': 0.4386385679244995, 'g': 0.09656320512294769, 'b': 0.08083973824977875}
Pixel (11,1): {'r': 0.43732979893684387, 'g': 0.03308980166912079, 'b': 0.006355834659188986}
Pixel (11,2): {'r': 0.457324743270874, 'g': 0.04174109920859337, 'b': 0.022210782393813133}
Pixel (11,3): {'r': 0.4761735200881958, 'g': 0.09367299824953079, 'b': 0.013752094469964504}
Pixel (11,4): {'r': 0.49314895272254944, 'g': 0.09730105847120285, 'b': 0.039309773594141006}
Pixel (11,5): {'r': 0.5913240313529968, 'g': 0.05113423988223076, 'b': 0.050151627510786057}
Pixel (11,6): {'r': 0.6027095913887024, 'g': 0.06601973623037338, 'b': 0.02799339033663273}
Pixel (11,7): {'r': 0.5694361329078674, 'g': 0.010077799670398235, 'b': 0.0018221825594082475}
Pixel (11,8): {'r': 0.6266164779663086, 'g': 0.06725184619426727, 'b': 0.0752374529838562}
Pixel (11,9): {'r': 0.6624870300292969, 'g': 0.02857120893895626, 'b': 0.08685991168022156}
Pixel (11,10): {'r': 0.7428563833236694, 'g': 0.004521866794675589, 'b': 0.0026366976089775562}
Pixel (11,11): {'r': 0.7087964415550232, 'g': 0.013637147843837738, 'b': 0.0014544666046276689}
Pixel (11,12): {'r': 0.7877894639968872, 'g': 0.003931214101612568, 'b': 0.0799410417675972}
Pixel (11,13): {'r': 0.786308228969574, 'g': 0.06459172815084457, 'b': 0.05707783252000809}
Pixel (11,14): {'r': 0.8802460432052612, 'g': 0.03223538398742676, 'b': 0.08098744601011276}
Pixel (11,15): {'r': 0.8459905385971069, 'g': 0.013927208259701729, 'b': 0.07940252125263214}
Pixel (12,0): {'r': 0.4054613709449768, 'g': 0.00976721104234457, 'b': 0.0684233009815216}
Pixel (12,1): {'r': 0.43734824657440186, 'g': 0.032518334686756134, 'b': 0.07296061515808105}
Pixel (12,2): {'r': 0.44948652386665344, 'g': 0.03376151621341705, 'b': 0.09429097175598145}
Pixel (12,3): {'r': 0.5028566122055054, 'g': 0.011347352527081966, 'b': 0.09246936440467834}
Pixel (12,4): {'r': 0.5892046689987183, 'g': 0.06311386078596115, 'b': 0.07948113232851028}
Pixel (12,5): {'r': 0.6110795140266418, 'g': 0.0649963915348053, 'b': 0.07019668817520142}
Pixel (12,6): {'r': 0.6579865217208862, 'g': 0.07378969341516495, 'b': 0.055435407906770706}
Pixel (12,7): {'r': 0.6031942963600159, 'g': 0.06830067932605743, 'b': 0.007118865381926298}
Pixel (12,8): {'r': 0.7041578888893127, 'g': 0.0789618119597435, 'b': 0.009120610542595387}
Pixel (12,9): {'r': 0.6786096096038818, 'g': 0.09632226079702377, 'b': 0.001215447555296123}
Pixel (12,10): {'r': 0.7251463532447815, 'g': 0.08105533570051193, 'b': 0.09872761368751526}
Pixel (12,11): {'r': 0.7538087368011475, 'g': 0.05899176746606827, 'b': 0.03922440484166145}
Pixel (12,12): {'r': 0.812790036201477, 'g': 0.008175903931260109, 'b': 0.08735786378383636}
Pixel (12,13): {'r': 0.8168596625328064, 'g': 0.09865152090787888, 'b': 0.06057748198509216}
Pixel (12,14): {'r': 0.8379640579223633, 'g': 0.06815027445554733, 'b': 0.07602278888225555}
Pixel (12,15): {'r': 0.9057573080062866, 'g': 0.05334610864520073, 'b': 0.08938925713300705}
Pixel (13,0): {'r': 0.4502652585506439, 'g': 0.012203823775053024, 'b': 0.049517691135406494}
Pixel (13,1): {'r': 0.5012557506561279, 'g': 0.08872127532958984, 'b': 0.04722149297595024}
Pixel (13,2): {'r': 0.5010703206062317, 'g': 0.05187905952334404, 'b': 0.07030189782381058}
Pixel (13,3): {'r': 0.5877339243888855, 'g': 0.02579416334629059, 'b': 0.06599840521812439}
Pixel (13,4): {'r': 0.5815137028694153, 'g': 0.05769038945436478, 'b': 0.04925176873803139}
Pixel (13,5): {'r': 0.6420792937278748, 'g': 0.08900053799152374, 'b': 0.03379951789975166}
Pixel (13,6): {'r': 0.6549220681190491, 'g': 0.041960008442401886, 'b': 0.024773098528385162}
Pixel (13,7): {'r': 0.6568975448608398, 'g': 0.08448753505945206, 'b': 0.002327193506062031}
Pixel (13,8): {'r': 0.7056920528411865, 'g': 0.005755876190960407, 'b': 0.05495288968086243}
Pixel (13,9): {'r': 0.7844879031181335, 'g': 0.004315991420298815, 'b': 0.08911431580781937}
Pixel (13,10): {'r': 0.733791708946228, 'g': 0.05941307172179222, 'b': 0.0380890853703022}
Pixel (13,11): {'r': 0.7937474846839905, 'g': 0.09041587263345718, 'b': 0.03482554480433464}
Pixel (13,12): {'r': 0.8733372688293457, 'g': 0.006107795983552933, 'b': 0.027687763795256615}
Pixel (13,13): {'r': 0.8362227082252502, 'g': 0.010178247466683388, 'b': 0.015285913832485676}
Pixel (13,14): {'r': 0.9033138751983643, 'g': 0.04715761914849281, 'b': 0.04118409380316734}
Pixel (13,15): {'r': 0.9538597464561462, 'g': 0.01516748871654272, 'b': 0.03117220662534237}
Pixel (14,0): {'r': 0.4409388601779938, 'g': 0.09093204140663147, 'b': 0.025877997279167175}
Pixel (14,1): {'r': 0.480709433555603, 'g': 0.07132448256015778, 'b': 0.07607850432395935}
Pixel (14,2): {'r': 0.5363629460334778, 'g': 0.09717821329832077, 'b': 0.09624473005533218}
Pixel (14,3): {'r': 0.6129721999168396, 'g': 0.055520083755254745, 'b': 0.05296505615115166}
Pixel (14,4): {'r': 0.5820242762565613, 'g': 0.07224521040916443, 'b': 0.02807723544538021}
Pixel (14,5): {'r': 0.6313083171844482, 'g': 0.009398194029927254, 'b': 0.057828016579151154}
Pixel (14,6): {'r': 0.6605972647666931, 'g': 0.07578461617231369, 'b': 0.001439348910935223}
Pixel (14,7): {'r': 0.7376968264579773, 'g': 0.02818547748029232, 'b': 0.011816482990980148}
Pixel (14,8): {'r': 0.7316530346870422, 'g': 0.08877041935920715, 'b': 0.035091500729322433}
Pixel (14,9): {'r': 0.7715201377868652, 'g': 0.09929648041725159, 'b': 0.007379656191915274}
Pixel (14,10): {'r': 0.8469914197921753, 'g': 0.08421189337968826, 'b': 0.08383287489414215}
Pixel (14,11): {'r': 0.8326489329338074, 'g': 0.07836530357599258, 'b': 0.03965428099036217}
Pixel (14,12): {'r': 0.8931201100349426, 'g': 0.0748259648680687, 'b': 0.018452102318406105}
Pixel (14,13): {'r': 0.8683457970619202, 'g': 0.01606813631951809, 'b': 0.01865670271217823}
Pixel (14,14): {'r': 0.9098868370056152, 'g': 0.0929529145359993, 'b': 0.08306194096803665}
Pixel (14,15): {'r': 0.9310989379882812, 'g': 0.07439463585615158, 'b': 0.00335324346087873}
Pixel (15,0): {'r': 0.5350022315979004, 'g': 0.031171107664704323, 'b': 0.052006807178258896}
Pixel (15,1): {'r': 0.5561277270317078, 'g': 0.07709672302007675, 'b': 0.049379561096429825}
Pixel (15,2): {'r': 0.5564282536506653, 'g': 0.04972485080361366, 'b': 0.030087832361459732}
Pixel (15,3): {'r': 0.5866852402687073, 'g': 0.009310277178883553, 'b': 0.08972158282995224}
Pixel (15,4): {'r': 0.5961815714836121, 'g': 0.06454723328351974, 'b': 0.01771106757223606}
Pixel (15,5): {'r': 0.6285942196846008, 'g': 0.04655980318784714, 'b': 0.05426446348428726}
Pixel (15,6): {'r': 0.66785728931427, 'g': 0.004600264132022858, 'b': 0.004072880372405052}
Pixel (15,7): {'r': 0.7571737170219421, 'g': 0.06289428472518921, 'b': 0.08774720877408981}
Pixel (15,8): {'r': 0.7304567098617554, 'g': 0.01429916825145483, 'b': 0.07615106552839279}
Pixel (15,9): {'r': 0.805385410785675, 'g': 0.09693025797605515, 'b': 0.0523097887635231}
Pixel (15,10): {'r': 0.8281193375587463, 'g': 0.041481953114271164, 'b': 0.027340708300471306}
Pixel (15,11): {'r': 0.8747086524963379, 'g': 0.086236372590065, 'b': 0.0949520692229271}
Pixel (15,12): {'r': 0.8646849393844604, 'g': 0.037047211080789566, 'b': 0.04845229908823967}
Pixel (15,13): {'r': 0.9035094976425171, 'g': 0.017337359488010406, 'b': 0.08967654407024384}
Pixel (15,14): {'r': 1.002752661705017, 'g': 0.012429722584784031, 'b': 0.07308674603700638}
Pixel (15,15): {'r': 0.9944889545440674, 'g': 0.07624586671590805, 'b': 0.08767656236886978}
