SlangPy first-function example (https://slangpy.shader-slang.org/en/latest/firstfunctions.html)
3.0
3.0
