[[[ -779305445 -1287930844]
[  745088982  1111768006]
[-2025525364 -1250897945]
[-1071855332  1839506499]]

[[-1147917390  -607479078]
[-1245445947  1342900926]
[-1342954004  1244022920]
[  181520810 -1068628014]]

[[ -800802612  -180967882]
[  723594251  -448929905]
[-1037449244    10911894]
[-1225468448  2141249470]]

[[ 1023335664  -604265921]
[-1747310426   886253183]
[  828285126   821948982]
[ -320426492  2102091157]]]
[[[0.9955156  4.666791  ]
[8.215282   5.3307414 ]
[5.385604   8.813447  ]
[2.2488737  2.8626287 ]]

[[1.5758348  5.828507  ]
[5.3127346  0.86265326]
[9.074073   2.9908848 ]
[6.389668   6.0961366 ]]

[[5.3688955  4.2694736 ]
[2.5915658  4.83385   ]
[3.2641268  3.0079913 ]
[9.127769   2.5682807 ]]

[[9.911175   9.658889  ]
[7.043655   6.4961233 ]
[7.392814   9.839542  ]
[8.021855   5.8879337 ]]]
