[[[0 0]
[1 0]
[2 0]
[3 0]]

[[0 1]
[1 1]
[2 1]
[3 1]]

[[0 2]
[1 2]
[2 2]
[3 2]]

[[0 3]
[1 3]
[2 3]
[3 3]]]
[[[0 0]
[2 0]
[4 0]
[6 0]]

[[0 2]
[2 2]
[4 2]
[6 2]]

[[0 4]
[2 4]
[4 4]
[6 4]]

[[0 6]
[2 6]
[4 6]
[6 6]]]
[[[ 0  0]
[ 4  0]
[ 8  0]
[12  0]]

[[ 0  4]
[ 4  4]
[ 8  4]
[12  4]]

[[ 0  8]
[ 4  8]
[ 8  8]
[12  8]]

[[ 0 12]
[ 4 12]
[ 8 12]
[12 12]]]
