SlangPy mapping examples (https://slangpy.shader-slang.org/en/latest/mapping.html)
