[[1.2476994  1.1562527  0.7727672  1.27093    0.5011761 ]
[0.6321604  1.0011576  1.2899776  0.7690427  0.6006468 ]
[1.5845788  0.98598814 1.4153962  0.5904701  1.1133591 ]
[1.494766   1.3678222  1.1380105  1.0719975  1.3993483 ]
[1.0015092  1.2281197  0.9806009  0.8889562  0.66200626]]
