SlangPy textures example (https://slangpy.shader-slang.org/en/latest/textures.html)
This example requires tev (https://github.com/Tom94/tev) to display results.
