particle buffer
[[0. 0. 0.]
[0. 0. 0.]
[0. 0. 0.]
[0. 0. 0.]
[0. 0. 0.]
[0. 0. 0.]
[0. 0. 0.]
[0. 0. 0.]
[0. 0. 0.]
[0. 0. 0.]]
[[-0.8008969  -0.06664181  0.9763112 ]
[ 0.57655764 -0.01365161 -0.6055043 ]
[-0.55022526 -0.42747426  0.89046144]
[-0.52054644  0.23744583  0.5556927 ]
[ 0.81481457 -0.40182304  0.31054735]
[-0.24956799 -0.45277262  0.13416195]
[-0.48168683 -0.03323007 -0.8199165 ]
[-0.42425537 -0.82350636 -0.08605337]
[ 0.98223495  0.9317777  -0.935405  ]
[-0.20118356  0.18771172 -0.5115886 ]]
particle buffer
[[-0.08008969 -0.00666418  0.09763112]
[ 0.05765576 -0.00136516 -0.06055043]
[-0.05502253 -0.04274743  0.08904614]
[-0.05205464  0.02374458  0.05556927]
[ 0.08148146 -0.0401823   0.03105474]
[-0.0249568  -0.04527726  0.0134162 ]
[-0.04816869 -0.00332301 -0.08199165]
[-0.04242554 -0.08235063 -0.00860534]
[ 0.0982235   0.09317777 -0.0935405 ]
[-0.02011836  0.01877117 -0.05115886]]
[[-0.8008969  -0.06664181  0.9763112 ]
[ 0.57655764 -0.01365161 -0.6055043 ]
[-0.55022526 -0.42747426  0.89046144]
[-0.52054644  0.23744583  0.5556927 ]
[ 0.81481457 -0.40182304  0.31054735]
[-0.24956799 -0.45277262  0.13416195]
[-0.48168683 -0.03323007 -0.8199165 ]
[-0.42425537 -0.82350636 -0.08605337]
[ 0.98223495  0.9317777  -0.935405  ]
[-0.20118356  0.18771172 -0.5115886 ]]
